// Jest Snapshot v1, https://goo.gl/fbAQLP

exports[`Test to HeroCard SnapShot to HeroCard component 1`] = `
<div
  className="col animate__animated animate__fadeIn"
>
  <div
    className="card"
  >
    <div
      className="row no-gutters"
    >
      <div
        className="col-4"
      >
        <img
          alt="batman"
          className="card-img"
          src="/assets/heroes/dc-batman.jpg"
        />
      </div>
      <div
        className="col-8"
      >
        <div
          className="card-body"
        >
          <h5
            className="card-title"
          >
            batman
          </h5>
          <p
            className="card-text"
          >
            paquito
          </p>
          <p
            className="text-muted"
          >
            bruce wayne
          </p>
          <p
            className="card-text"
          >
            <small
              className="text-muted"
            >
              1925
            </small>
          </p>
          <Link
            to="/hero/dc-batman"
          >
            Mas Info
          </Link>
        </div>
      </div>
    </div>
  </div>
</div>
`;
